Component: Arm Compiler for Embedded 6.19 Tool: armlink [5e73cb00]

==============================================================================

Section Cross References

    startup_stm32f10x_hd.o(RESET) refers to startup_stm32f10x_hd.o(STACK) for __initial_sp
    startup_stm32f10x_hd.o(RESET) refers to startup_stm32f10x_hd.o(.text) for Reset_Handler
    startup_stm32f10x_hd.o(RESET) refers to stm32f10x_it.o(.text) for NMI_Handler
    startup_stm32f10x_hd.o(.text) refers to system_stm32f10x.o(.text) for SystemInit
    startup_stm32f10x_hd.o(.text) refers to entry.o(.ARM.Collect$$$$00000000) for __main
    system_stm32f10x.o(.text) refers to system_stm32f10x.o(.data.SystemCoreClock) for SystemCoreClock
    system_stm32f10x.o(.text) refers to system_stm32f10x.o(.rodata.AHBPrescTable) for AHBPrescTable
    system_stm32f10x.o(.ARM.exidx) refers to system_stm32f10x.o(.text) for [Anonymous Symbol]
    misc.o(.ARM.exidx) refers to misc.o(.text) for [Anonymous Symbol]
    stm32f10x_adc.o(.text) refers to stm32f10x_rcc.o(.text) for RCC_APB2PeriphResetCmd
    stm32f10x_adc.o(.ARM.exidx) refers to stm32f10x_adc.o(.text) for [Anonymous Symbol]
    stm32f10x_bkp.o(.text) refers to stm32f10x_rcc.o(.text) for RCC_BackupResetCmd
    stm32f10x_bkp.o(.ARM.exidx) refers to stm32f10x_bkp.o(.text) for [Anonymous Symbol]
    stm32f10x_can.o(.text) refers to stm32f10x_rcc.o(.text) for RCC_APB1PeriphResetCmd
    stm32f10x_can.o(.ARM.exidx) refers to stm32f10x_can.o(.text) for [Anonymous Symbol]
    stm32f10x_cec.o(.text) refers to stm32f10x_rcc.o(.text) for RCC_APB1PeriphResetCmd
    stm32f10x_cec.o(.ARM.exidx) refers to stm32f10x_cec.o(.text) for [Anonymous Symbol]
    stm32f10x_crc.o(.ARM.exidx) refers to stm32f10x_crc.o(.text) for [Anonymous Symbol]
    stm32f10x_dac.o(.text) refers to stm32f10x_rcc.o(.text) for RCC_APB1PeriphResetCmd
    stm32f10x_dac.o(.ARM.exidx) refers to stm32f10x_dac.o(.text) for [Anonymous Symbol]
    stm32f10x_dbgmcu.o(.ARM.exidx) refers to stm32f10x_dbgmcu.o(.text) for [Anonymous Symbol]
    stm32f10x_dma.o(.text) refers to memseta.o(.text) for __aeabi_memclr4
    stm32f10x_dma.o(.ARM.exidx) refers to stm32f10x_dma.o(.text) for [Anonymous Symbol]
    stm32f10x_exti.o(.ARM.exidx) refers to stm32f10x_exti.o(.text) for [Anonymous Symbol]
    stm32f10x_flash.o(.ARM.exidx) refers to stm32f10x_flash.o(.text) for [Anonymous Symbol]
    stm32f10x_fsmc.o(.ARM.exidx) refers to stm32f10x_fsmc.o(.text) for [Anonymous Symbol]
    stm32f10x_gpio.o(.text) refers to stm32f10x_gpio.o(.rodata..Lswitch.table.GPIO_DeInit.1) for .Lswitch.table.GPIO_DeInit.1
    stm32f10x_gpio.o(.text) refers to stm32f10x_rcc.o(.text) for RCC_APB2PeriphResetCmd
    stm32f10x_gpio.o(.ARM.exidx) refers to stm32f10x_gpio.o(.text) for [Anonymous Symbol]
    stm32f10x_i2c.o(.text) refers to stm32f10x_rcc.o(.text) for RCC_APB1PeriphResetCmd
    stm32f10x_i2c.o(.ARM.exidx) refers to stm32f10x_i2c.o(.text) for [Anonymous Symbol]
    stm32f10x_iwdg.o(.ARM.exidx) refers to stm32f10x_iwdg.o(.text) for [Anonymous Symbol]
    stm32f10x_pwr.o(.text) refers to stm32f10x_rcc.o(.text) for RCC_APB1PeriphResetCmd
    stm32f10x_pwr.o(.ARM.exidx) refers to stm32f10x_pwr.o(.text) for [Anonymous Symbol]
    stm32f10x_rcc.o(.text) refers to stm32f10x_rcc.o(.rodata.APBAHBPrescTable) for APBAHBPrescTable
    stm32f10x_rcc.o(.text) refers to stm32f10x_rcc.o(.rodata.ADCPrescTable) for ADCPrescTable
    stm32f10x_rcc.o(.ARM.exidx) refers to stm32f10x_rcc.o(.text) for [Anonymous Symbol]
    stm32f10x_rtc.o(.ARM.exidx) refers to stm32f10x_rtc.o(.text) for [Anonymous Symbol]
    stm32f10x_sdio.o(.ARM.exidx) refers to stm32f10x_sdio.o(.text) for [Anonymous Symbol]
    stm32f10x_spi.o(.text) refers to stm32f10x_rcc.o(.text) for RCC_APB2PeriphResetCmd
    stm32f10x_spi.o(.ARM.exidx) refers to stm32f10x_spi.o(.text) for [Anonymous Symbol]
    stm32f10x_tim.o(.text) refers to stm32f10x_rcc.o(.text) for RCC_APB2PeriphResetCmd
    stm32f10x_tim.o(.ARM.exidx) refers to stm32f10x_tim.o(.text) for [Anonymous Symbol]
    stm32f10x_usart.o(.text) refers to stm32f10x_rcc.o(.text) for RCC_APB2PeriphResetCmd
    stm32f10x_usart.o(.ARM.exidx) refers to stm32f10x_usart.o(.text) for [Anonymous Symbol]
    stm32f10x_wwdg.o(.text) refers to stm32f10x_rcc.o(.text) for RCC_APB1PeriphResetCmd
    stm32f10x_wwdg.o(.ARM.exidx) refers to stm32f10x_wwdg.o(.text) for [Anonymous Symbol]
    main.o(.text) refers to bsp_usart.o(.text) for USART_Config
    main.o(.text) refers to bsp_led.o(.text) for led_config
    main.o(.text) refers to bsp_pwm_led.o(.text) for TIM_COM_config
    main.o(.text) refers to my_lcd.o(.text) for start_LCD
    main.o(.text) refers to stm32f10x_gpio.o(.text) for GPIO_ResetBits
    main.o(.text) refers to stm32f10x_usart.o(.text) for USART_ReceiveData
    main.o(.text) refers to stm32f10x_it.o(.bss.respon) for respon
    main.o(.text) refers to delay.o(.text) for delay_ms
    main.o(.ARM.exidx) refers to main.o(.text) for [Anonymous Symbol]
    stm32f10x_it.o(.text) refers to stm32f10x_usart.o(.text) for USART_GetITStatus
    stm32f10x_it.o(.text) refers to stm32f10x_it.o(.bss.respon) for respon
    stm32f10x_it.o(.text) refers to stm32f10x_tim.o(.text) for TIM_GetITStatus
    stm32f10x_it.o(.ARM.exidx) refers to stm32f10x_it.o(.text) for [Anonymous Symbol]
    bsp_usart.o(.text) refers to stm32f10x_rcc.o(.text) for RCC_APB2PeriphClockCmd
    bsp_usart.o(.text) refers to stm32f10x_gpio.o(.text) for GPIO_Init
    bsp_usart.o(.text) refers to stm32f10x_usart.o(.text) for USART_Init
    bsp_usart.o(.text) refers to misc.o(.text) for NVIC_PriorityGroupConfig
    bsp_usart.o(.ARM.exidx) refers to bsp_usart.o(.text) for [Anonymous Symbol]
    bsp_led.o(.text) refers to stm32f10x_rcc.o(.text) for RCC_APB2PeriphClockCmd
    bsp_led.o(.text) refers to stm32f10x_gpio.o(.text) for GPIO_SetBits
    bsp_led.o(.ARM.exidx) refers to bsp_led.o(.text) for [Anonymous Symbol]
    bsp_pwm_led.o(.text) refers to stm32f10x_rcc.o(.text) for RCC_APB1PeriphClockCmd
    bsp_pwm_led.o(.text) refers to stm32f10x_tim.o(.text) for TIM_TimeBaseStructInit
    bsp_pwm_led.o(.text) refers to misc.o(.text) for NVIC_Init
    bsp_pwm_led.o(.text) refers to stm32f10x_gpio.o(.text) for GPIO_Init
    bsp_pwm_led.o(.text) refers to delay.o(.text) for delay_ms
    bsp_pwm_led.o(.ARM.exidx) refers to bsp_pwm_led.o(.text) for [Anonymous Symbol]
    bsp_ili9341_lcd.o(.text) refers to stm32f10x_rcc.o(.text) for RCC_APB2PeriphClockCmd
    bsp_ili9341_lcd.o(.text) refers to stm32f10x_gpio.o(.text) for GPIO_Init
    bsp_ili9341_lcd.o(.text) refers to memseta.o(.text) for __aeabi_memclr4
    bsp_ili9341_lcd.o(.text) refers to stm32f10x_fsmc.o(.text) for FSMC_NORSRAMInit
    bsp_ili9341_lcd.o(.text) refers to bsp_ili9341_lcd.o(.bss.lcdid) for lcdid
    bsp_ili9341_lcd.o(.text) refers to bsp_ili9341_lcd.o(.data.LCD_SCAN_MODE) for LCD_SCAN_MODE
    bsp_ili9341_lcd.o(.text) refers to bsp_ili9341_lcd.o(.data.LCD_X_LENGTH) for LCD_X_LENGTH
    bsp_ili9341_lcd.o(.text) refers to bsp_ili9341_lcd.o(.data.LCD_Y_LENGTH) for LCD_Y_LENGTH
    bsp_ili9341_lcd.o(.text) refers to bsp_ili9341_lcd.o(.data.CurrentBackColor) for CurrentBackColor
    bsp_ili9341_lcd.o(.text) refers to bsp_ili9341_lcd.o(.bss.CurrentTextColor) for CurrentTextColor
    bsp_ili9341_lcd.o(.text) refers to bsp_ili9341_lcd.o(.data.LCD_Currentfonts) for LCD_Currentfonts
    bsp_ili9341_lcd.o(.ARM.exidx) refers to bsp_ili9341_lcd.o(.text) for [Anonymous Symbol]
    bsp_ili9341_lcd.o(.data.LCD_Currentfonts) refers to fonts.o(.data.Font8x16) for Font8x16
    fonts.o(.data.Font8x16) refers to fonts.o(.rodata.ASCII8x16_Table) for ASCII8x16_Table
    fonts.o(.data.Font16x24) refers to fonts.o(.rodata.ASCII16x24_Table) for ASCII16x24_Table
    fonts.o(.data.Font24x32) refers to fonts.o(.rodata.ASCII24x32_Table) for ASCII24x32_Table
    delay.o(.ARM.exidx) refers to delay.o(.text) for [Anonymous Symbol]
    my_lcd.o(.text) refers to bsp_ili9341_lcd.o(.text) for ILI9341_Init
    my_lcd.o(.text) refers to bsp_ili9341_lcd.o(.data.LCD_SCAN_MODE) for LCD_SCAN_MODE
    my_lcd.o(.text) refers to bsp_ili9341_lcd.o(.data.LCD_X_LENGTH) for LCD_X_LENGTH
    my_lcd.o(.text) refers to bsp_ili9341_lcd.o(.data.LCD_Y_LENGTH) for LCD_Y_LENGTH
    my_lcd.o(.text) refers to fonts.o(.data.Font8x16) for Font8x16
    my_lcd.o(.text) refers to delay.o(.text) for delay_ms
    my_lcd.o(.text) refers to fonts.o(.data.Font24x32) for Font24x32
    my_lcd.o(.ARM.exidx) refers to my_lcd.o(.text) for [Anonymous Symbol]
    entry.o(.ARM.Collect$$$$00000000) refers (Special) to entry10a.o(.ARM.Collect$$$$0000000D) for __rt_final_cpp
    entry.o(.ARM.Collect$$$$00000000) refers (Special) to entry11a.o(.ARM.Collect$$$$0000000F) for __rt_final_exit
    entry.o(.ARM.Collect$$$$00000000) refers (Special) to entry7b.o(.ARM.Collect$$$$00000008) for _main_clock
    entry.o(.ARM.Collect$$$$00000000) refers (Special) to entry8b.o(.ARM.Collect$$$$0000000A) for _main_cpp_init
    entry.o(.ARM.Collect$$$$00000000) refers (Special) to entry9a.o(.ARM.Collect$$$$0000000B) for _main_init
    entry.o(.ARM.Collect$$$$00000000) refers (Special) to entry5.o(.ARM.Collect$$$$00000004) for _main_scatterload
    entry.o(.ARM.Collect$$$$00000000) refers (Special) to entry2.o(.ARM.Collect$$$$00000001) for _main_stk
    entry2.o(.ARM.Collect$$$$00000001) refers to entry2.o(.ARM.Collect$$$$00002712) for __lit__00000000
    entry2.o(.ARM.Collect$$$$00002712) refers to startup_stm32f10x_hd.o(STACK) for __initial_sp
    entry2.o(__vectab_stack_and_reset_area) refers to startup_stm32f10x_hd.o(STACK) for __initial_sp
    entry2.o(__vectab_stack_and_reset_area) refers to entry.o(.ARM.Collect$$$$00000000) for __main
    entry5.o(.ARM.Collect$$$$00000004) refers to init.o(.text) for __scatterload
    entry9a.o(.ARM.Collect$$$$0000000B) refers to main.o(.text) for main
    entry9b.o(.ARM.Collect$$$$0000000C) refers to main.o(.text) for main
    init.o(.text) refers to entry5.o(.ARM.Collect$$$$00000004) for __main_after_scatterload


==============================================================================

Removing Unused input sections from the image.

    Removing startup_stm32f10x_hd.o(HEAP), (512 bytes).
    Removing system_stm32f10x.o(.ARM.exidx), (16 bytes).
    Removing misc.o(.ARM.exidx), (40 bytes).
    Removing stm32f10x_adc.o(.text), (860 bytes).
    Removing stm32f10x_adc.o(.ARM.exidx), (288 bytes).
    Removing stm32f10x_bkp.o(.text), (230 bytes).
    Removing stm32f10x_bkp.o(.ARM.exidx), (96 bytes).
    Removing stm32f10x_can.o(.text), (1998 bytes).
    Removing stm32f10x_can.o(.ARM.exidx), (192 bytes).
    Removing stm32f10x_cec.o(.text), (314 bytes).
    Removing stm32f10x_cec.o(.ARM.exidx), (112 bytes).
    Removing stm32f10x_crc.o(.text), (96 bytes).
    Removing stm32f10x_crc.o(.ARM.exidx), (48 bytes).
    Removing stm32f10x_dac.o(.text), (364 bytes).
    Removing stm32f10x_dac.o(.ARM.exidx), (96 bytes).
    Removing stm32f10x_dbgmcu.o(.text), (56 bytes).
    Removing stm32f10x_dbgmcu.o(.ARM.exidx), (24 bytes).
    Removing stm32f10x_dma.o(.text), (484 bytes).
    Removing stm32f10x_dma.o(.ARM.exidx), (88 bytes).
    Removing stm32f10x_exti.o(.text), (244 bytes).
    Removing stm32f10x_exti.o(.ARM.exidx), (64 bytes).
    Removing stm32f10x_flash.o(.text), (4326 bytes).
    Removing stm32f10x_flash.o(.ARM.exidx), (224 bytes).
    Removing stm32f10x_fsmc.o(.ARM.exidx), (152 bytes).
    Removing stm32f10x_gpio.o(.ARM.exidx), (144 bytes).
    Removing stm32f10x_i2c.o(.text), (842 bytes).
    Removing stm32f10x_i2c.o(.ARM.exidx), (264 bytes).
    Removing stm32f10x_iwdg.o(.text), (86 bytes).
    Removing stm32f10x_iwdg.o(.ARM.exidx), (48 bytes).
    Removing stm32f10x_pwr.o(.text), (226 bytes).
    Removing stm32f10x_pwr.o(.ARM.exidx), (72 bytes).
    Removing stm32f10x_rcc.o(.ARM.exidx), (256 bytes).
    Removing stm32f10x_rtc.o(.text), (342 bytes).
    Removing stm32f10x_rtc.o(.ARM.exidx), (112 bytes).
    Removing stm32f10x_sdio.o(.text), (592 bytes).
    Removing stm32f10x_sdio.o(.ARM.exidx), (240 bytes).
    Removing stm32f10x_spi.o(.text), (636 bytes).
    Removing stm32f10x_spi.o(.ARM.exidx), (184 bytes).
    Removing stm32f10x_tim.o(.ARM.exidx), (696 bytes).
    Removing stm32f10x_usart.o(.ARM.exidx), (232 bytes).
    Removing stm32f10x_wwdg.o(.text), (166 bytes).
    Removing stm32f10x_wwdg.o(.ARM.exidx), (64 bytes).
    Removing main.o(.ARM.exidx), (8 bytes).
    Removing main.o(.ARM.use_no_argv), (4 bytes).
    Removing stm32f10x_it.o(.ARM.exidx), (88 bytes).
    Removing bsp_usart.o(.ARM.exidx), (56 bytes).
    Removing bsp_led.o(.ARM.exidx), (16 bytes).
    Removing bsp_pwm_led.o(.ARM.exidx), (72 bytes).
    Removing bsp_ili9341_lcd.o(.ARM.exidx), (184 bytes).
    Removing fonts.o(.text), (0 bytes).
    Removing fonts.o(.rodata.ASCII16x24_Table), (4560 bytes).
    Removing fonts.o(.data.Font16x24), (8 bytes).
    Removing delay.o(.ARM.exidx), (24 bytes).
    Removing my_lcd.o(.ARM.exidx), (24 bytes).

54 unused section(s) (total 21170 bytes) removed from the image.

==============================================================================

Image Symbol Table

    Local Symbols

    Symbol Name                              Value     Ov Type        Size  Object(Section)

    ../clib/microlib/init/entry.s            0x00000000   Number         0  entry.o ABSOLUTE
    ../clib/microlib/init/entry.s            0x00000000   Number         0  entry2.o ABSOLUTE
    ../clib/microlib/init/entry.s            0x00000000   Number         0  entry5.o ABSOLUTE
    ../clib/microlib/init/entry.s            0x00000000   Number         0  entry7a.o ABSOLUTE
    ../clib/microlib/init/entry.s            0x00000000   Number         0  entry7b.o ABSOLUTE
    ../clib/microlib/init/entry.s            0x00000000   Number         0  entry8a.o ABSOLUTE
    ../clib/microlib/init/entry.s            0x00000000   Number         0  entry8b.o ABSOLUTE
    ../clib/microlib/init/entry.s            0x00000000   Number         0  entry9a.o ABSOLUTE
    ../clib/microlib/init/entry.s            0x00000000   Number         0  entry9b.o ABSOLUTE
    ../clib/microlib/init/entry.s            0x00000000   Number         0  entry10a.o ABSOLUTE
    ../clib/microlib/init/entry.s            0x00000000   Number         0  entry10b.o ABSOLUTE
    ../clib/microlib/init/entry.s            0x00000000   Number         0  entry11a.o ABSOLUTE
    ../clib/microlib/init/entry.s            0x00000000   Number         0  entry11b.o ABSOLUTE
    ../clib/microlib/string/memset.c         0x00000000   Number         0  memseta.o ABSOLUTE
    ..\..\Libraries\CMSIS\startup\startup_stm32f10x_hd.s 0x00000000   Number         0  startup_stm32f10x_hd.o ABSOLUTE
    bsp_ili9341_lcd.c                        0x00000000   Number         0  bsp_ili9341_lcd.o ABSOLUTE
    bsp_led.c                                0x00000000   Number         0  bsp_led.o ABSOLUTE
    bsp_pwm_led.c                            0x00000000   Number         0  bsp_pwm_led.o ABSOLUTE
    bsp_usart.c                              0x00000000   Number         0  bsp_usart.o ABSOLUTE
    dc.s                                     0x00000000   Number         0  dc.o ABSOLUTE
    delay.c                                  0x00000000   Number         0  delay.o ABSOLUTE
    fonts.c                                  0x00000000   Number         0  fonts.o ABSOLUTE
    handlers.s                               0x00000000   Number         0  handlers.o ABSOLUTE
    init.s                                   0x00000000   Number         0  init.o ABSOLUTE
    main.c                                   0x00000000   Number         0  main.o ABSOLUTE
    misc.c                                   0x00000000   Number         0  misc.o ABSOLUTE
    my_lcd.c                                 0x00000000   Number         0  my_lcd.o ABSOLUTE
    stm32f10x_adc.c                          0x00000000   Number         0  stm32f10x_adc.o ABSOLUTE
    stm32f10x_bkp.c                          0x00000000   Number         0  stm32f10x_bkp.o ABSOLUTE
    stm32f10x_can.c                          0x00000000   Number         0  stm32f10x_can.o ABSOLUTE
    stm32f10x_cec.c                          0x00000000   Number         0  stm32f10x_cec.o ABSOLUTE
    stm32f10x_crc.c                          0x00000000   Number         0  stm32f10x_crc.o ABSOLUTE
    stm32f10x_dac.c                          0x00000000   Number         0  stm32f10x_dac.o ABSOLUTE
    stm32f10x_dbgmcu.c                       0x00000000   Number         0  stm32f10x_dbgmcu.o ABSOLUTE
    stm32f10x_dma.c                          0x00000000   Number         0  stm32f10x_dma.o ABSOLUTE
    stm32f10x_exti.c                         0x00000000   Number         0  stm32f10x_exti.o ABSOLUTE
    stm32f10x_flash.c                        0x00000000   Number         0  stm32f10x_flash.o ABSOLUTE
    stm32f10x_fsmc.c                         0x00000000   Number         0  stm32f10x_fsmc.o ABSOLUTE
    stm32f10x_gpio.c                         0x00000000   Number         0  stm32f10x_gpio.o ABSOLUTE
    stm32f10x_i2c.c                          0x00000000   Number         0  stm32f10x_i2c.o ABSOLUTE
    stm32f10x_it.c                           0x00000000   Number         0  stm32f10x_it.o ABSOLUTE
    stm32f10x_iwdg.c                         0x00000000   Number         0  stm32f10x_iwdg.o ABSOLUTE
    stm32f10x_pwr.c                          0x00000000   Number         0  stm32f10x_pwr.o ABSOLUTE
    stm32f10x_rcc.c                          0x00000000   Number         0  stm32f10x_rcc.o ABSOLUTE
    stm32f10x_rtc.c                          0x00000000   Number         0  stm32f10x_rtc.o ABSOLUTE
    stm32f10x_sdio.c                         0x00000000   Number         0  stm32f10x_sdio.o ABSOLUTE
    stm32f10x_spi.c                          0x00000000   Number         0  stm32f10x_spi.o ABSOLUTE
    stm32f10x_tim.c                          0x00000000   Number         0  stm32f10x_tim.o ABSOLUTE
    stm32f10x_usart.c                        0x00000000   Number         0  stm32f10x_usart.o ABSOLUTE
    stm32f10x_wwdg.c                         0x00000000   Number         0  stm32f10x_wwdg.o ABSOLUTE
    system_stm32f10x.c                       0x00000000   Number         0  system_stm32f10x.o ABSOLUTE
    RESET                                    0x08000000   Section      304  startup_stm32f10x_hd.o(RESET)
    .ARM.Collect$$$$00000000                 0x08000130   Section        0  entry.o(.ARM.Collect$$$$00000000)
    .ARM.Collect$$$$00000001                 0x08000130   Section        4  entry2.o(.ARM.Collect$$$$00000001)
    .ARM.Collect$$$$00000004                 0x08000134   Section        4  entry5.o(.ARM.Collect$$$$00000004)
    .ARM.Collect$$$$00000008                 0x08000138   Section        0  entry7b.o(.ARM.Collect$$$$00000008)
    .ARM.Collect$$$$0000000A                 0x08000138   Section        0  entry8b.o(.ARM.Collect$$$$0000000A)
    .ARM.Collect$$$$0000000B                 0x08000138   Section        8  entry9a.o(.ARM.Collect$$$$0000000B)
    __lit__00000000                          0x08000140   Data           4  entry2.o(.ARM.Collect$$$$00002712)
    .ARM.Collect$$$$0000000D                 0x08000140   Section        0  entry10a.o(.ARM.Collect$$$$0000000D)
    .ARM.Collect$$$$0000000F                 0x08000140   Section        0  entry11a.o(.ARM.Collect$$$$0000000F)
    .ARM.Collect$$$$00002712                 0x08000140   Section        4  entry2.o(.ARM.Collect$$$$00002712)
    .text                                    0x08000144   Section       36  startup_stm32f10x_hd.o(.text)
    [Anonymous Symbol]                       0x08000168   Section        0  system_stm32f10x.o(.text)
    [Anonymous Symbol]                       0x080002e8   Section        0  misc.o(.text)
    [Anonymous Symbol]                       0x080003a4   Section        0  stm32f10x_fsmc.o(.text)
    [Anonymous Symbol]                       0x0800085c   Section        0  stm32f10x_gpio.o(.text)
    [Anonymous Symbol]                       0x08000aa8   Section        0  stm32f10x_rcc.o(.text)
    [Anonymous Symbol]                       0x08000e14   Section        0  stm32f10x_tim.o(.text)
    [Anonymous Symbol]                       0x08001d9c   Section        0  stm32f10x_usart.o(.text)
    [Anonymous Symbol]                       0x08002108   Section        0  main.o(.text)
    [Anonymous Symbol]                       0x0800223c   Section        0  stm32f10x_it.o(.text)
    [Anonymous Symbol]                       0x080022bc   Section        0  bsp_usart.o(.text)
    [Anonymous Symbol]                       0x08002454   Section        0  bsp_led.o(.text)
    [Anonymous Symbol]                       0x080024dc   Section        0  bsp_pwm_led.o(.text)
    [Anonymous Symbol]                       0x08002770   Section        0  bsp_ili9341_lcd.o(.text)
    [Anonymous Symbol]                       0x08003e20   Section        0  delay.o(.text)
    [Anonymous Symbol]                       0x08003ea4   Section        0  my_lcd.o(.text)
    .text                                    0x08004154   Section        0  memseta.o(.text)
    .text                                    0x08004178   Section       36  init.o(.text)
    i.__scatterload_copy                     0x0800419c   Section       14  handlers.o(i.__scatterload_copy)
    i.__scatterload_null                     0x080041aa   Section        2  handlers.o(i.__scatterload_null)
    i.__scatterload_zeroinit                 0x080041ac   Section       14  handlers.o(i.__scatterload_zeroinit)
    .Lswitch.table.GPIO_DeInit.1             0x080041bc   Data          28  stm32f10x_gpio.o(.rodata..Lswitch.table.GPIO_DeInit.1)
    ADCPrescTable                            0x080041d8   Data           4  stm32f10x_rcc.o(.rodata.ADCPrescTable)
    [Anonymous Symbol]                       0x080041d8   Section        0  stm32f10x_rcc.o(.rodata.ADCPrescTable)
    APBAHBPrescTable                         0x080041ec   Data          16  stm32f10x_rcc.o(.rodata.APBAHBPrescTable)
    [Anonymous Symbol]                       0x080041ec   Section        0  stm32f10x_rcc.o(.rodata.APBAHBPrescTable)
    CurrentBackColor                         0x20000000   Data           2  bsp_ili9341_lcd.o(.data.CurrentBackColor)
    [Anonymous Symbol]                       0x20000000   Section        0  bsp_ili9341_lcd.o(.data.CurrentBackColor)
    LCD_Currentfonts                         0x20000014   Data           4  bsp_ili9341_lcd.o(.data.LCD_Currentfonts)
    [Anonymous Symbol]                       0x20000014   Section        0  bsp_ili9341_lcd.o(.data.LCD_Currentfonts)
    CurrentTextColor                         0x20000028   Data           2  bsp_ili9341_lcd.o(.bss.CurrentTextColor)
    [Anonymous Symbol]                       0x20000028   Section        0  bsp_ili9341_lcd.o(.bss.CurrentTextColor)
    STACK                                    0x20000030   Section     1024  startup_stm32f10x_hd.o(STACK)

    Global Symbols

    Symbol Name                              Value     Ov Type        Size  Object(Section)

    BuildAttributes$$THM_ISAv4$P$D$K$B$S$PE$A:L22UL41UL21$X:L11$S22US41US21$IEEE1$IW$~IW$USESV6$~STKCKD$USESV7$~SHL$OTIME$EBA8$MICROLIB$REQ8$PRES8$EABIv2 0x00000000   Number         0  anon$$obj.o ABSOLUTE
    __cpp_initialize__aeabi_                  - Undefined Weak Reference
    __cxa_finalize                            - Undefined Weak Reference
    __decompress                              - Undefined Weak Reference
    _clock_init                               - Undefined Weak Reference
    _microlib_exit                            - Undefined Weak Reference
    __Vectors_Size                           0x00000130   Number         0  startup_stm32f10x_hd.o ABSOLUTE
    __Vectors                                0x08000000   Data           4  startup_stm32f10x_hd.o(RESET)
    __Vectors_End                            0x08000130   Data           0  startup_stm32f10x_hd.o(RESET)
    __main                                   0x08000131   Thumb Code     0  entry.o(.ARM.Collect$$$$00000000)
    _main_stk                                0x08000131   Thumb Code     0  entry2.o(.ARM.Collect$$$$00000001)
    _main_scatterload                        0x08000135   Thumb Code     0  entry5.o(.ARM.Collect$$$$00000004)
    __main_after_scatterload                 0x08000139   Thumb Code     0  entry5.o(.ARM.Collect$$$$00000004)
    _main_clock                              0x08000139   Thumb Code     0  entry7b.o(.ARM.Collect$$$$00000008)
    _main_cpp_init                           0x08000139   Thumb Code     0  entry8b.o(.ARM.Collect$$$$0000000A)
    _main_init                               0x08000139   Thumb Code     0  entry9a.o(.ARM.Collect$$$$0000000B)
    __rt_final_cpp                           0x08000141   Thumb Code     0  entry10a.o(.ARM.Collect$$$$0000000D)
    __rt_final_exit                          0x08000141   Thumb Code     0  entry11a.o(.ARM.Collect$$$$0000000F)
    Reset_Handler                            0x08000145   Thumb Code     8  startup_stm32f10x_hd.o(.text)
    ADC1_2_IRQHandler                        0x0800015f   Thumb Code     0  startup_stm32f10x_hd.o(.text)
    ADC3_IRQHandler                          0x0800015f   Thumb Code     0  startup_stm32f10x_hd.o(.text)
    CAN1_RX1_IRQHandler                      0x0800015f   Thumb Code     0  startup_stm32f10x_hd.o(.text)
    CAN1_SCE_IRQHandler                      0x0800015f   Thumb Code     0  startup_stm32f10x_hd.o(.text)
    DMA1_Channel1_IRQHandler                 0x0800015f   Thumb Code     0  startup_stm32f10x_hd.o(.text)
    DMA1_Channel2_IRQHandler                 0x0800015f   Thumb Code     0  startup_stm32f10x_hd.o(.text)
    DMA1_Channel3_IRQHandler                 0x0800015f   Thumb Code     0  startup_stm32f10x_hd.o(.text)
    DMA1_Channel4_IRQHandler                 0x0800015f   Thumb Code     0  startup_stm32f10x_hd.o(.text)
    DMA1_Channel5_IRQHandler                 0x0800015f   Thumb Code     0  startup_stm32f10x_hd.o(.text)
    DMA1_Channel6_IRQHandler                 0x0800015f   Thumb Code     0  startup_stm32f10x_hd.o(.text)
    DMA1_Channel7_IRQHandler                 0x0800015f   Thumb Code     0  startup_stm32f10x_hd.o(.text)
    DMA2_Channel1_IRQHandler                 0x0800015f   Thumb Code     0  startup_stm32f10x_hd.o(.text)
    DMA2_Channel2_IRQHandler                 0x0800015f   Thumb Code     0  startup_stm32f10x_hd.o(.text)
    DMA2_Channel3_IRQHandler                 0x0800015f   Thumb Code     0  startup_stm32f10x_hd.o(.text)
    DMA2_Channel4_5_IRQHandler               0x0800015f   Thumb Code     0  startup_stm32f10x_hd.o(.text)
    EXTI0_IRQHandler                         0x0800015f   Thumb Code     0  startup_stm32f10x_hd.o(.text)
    EXTI15_10_IRQHandler                     0x0800015f   Thumb Code     0  startup_stm32f10x_hd.o(.text)
    EXTI1_IRQHandler                         0x0800015f   Thumb Code     0  startup_stm32f10x_hd.o(.text)
    EXTI2_IRQHandler                         0x0800015f   Thumb Code     0  startup_stm32f10x_hd.o(.text)
    EXTI3_IRQHandler                         0x0800015f   Thumb Code     0  startup_stm32f10x_hd.o(.text)
    EXTI4_IRQHandler                         0x0800015f   Thumb Code     0  startup_stm32f10x_hd.o(.text)
    EXTI9_5_IRQHandler                       0x0800015f   Thumb Code     0  startup_stm32f10x_hd.o(.text)
    FLASH_IRQHandler                         0x0800015f   Thumb Code     0  startup_stm32f10x_hd.o(.text)
    FSMC_IRQHandler                          0x0800015f   Thumb Code     0  startup_stm32f10x_hd.o(.text)
    I2C1_ER_IRQHandler                       0x0800015f   Thumb Code     0  startup_stm32f10x_hd.o(.text)
    I2C1_EV_IRQHandler                       0x0800015f   Thumb Code     0  startup_stm32f10x_hd.o(.text)
    I2C2_ER_IRQHandler                       0x0800015f   Thumb Code     0  startup_stm32f10x_hd.o(.text)
    I2C2_EV_IRQHandler                       0x0800015f   Thumb Code     0  startup_stm32f10x_hd.o(.text)
    PVD_IRQHandler                           0x0800015f   Thumb Code     0  startup_stm32f10x_hd.o(.text)
    RCC_IRQHandler                           0x0800015f   Thumb Code     0  startup_stm32f10x_hd.o(.text)
    RTCAlarm_IRQHandler                      0x0800015f   Thumb Code     0  startup_stm32f10x_hd.o(.text)
    RTC_IRQHandler                           0x0800015f   Thumb Code     0  startup_stm32f10x_hd.o(.text)
    SDIO_IRQHandler                          0x0800015f   Thumb Code     0  startup_stm32f10x_hd.o(.text)
    SPI1_IRQHandler                          0x0800015f   Thumb Code     0  startup_stm32f10x_hd.o(.text)
    SPI2_IRQHandler                          0x0800015f   Thumb Code     0  startup_stm32f10x_hd.o(.text)
    SPI3_IRQHandler                          0x0800015f   Thumb Code     0  startup_stm32f10x_hd.o(.text)
    TAMPER_IRQHandler                        0x0800015f   Thumb Code     0  startup_stm32f10x_hd.o(.text)
    TIM1_BRK_IRQHandler                      0x0800015f   Thumb Code     0  startup_stm32f10x_hd.o(.text)
    TIM1_CC_IRQHandler                       0x0800015f   Thumb Code     0  startup_stm32f10x_hd.o(.text)
    TIM1_TRG_COM_IRQHandler                  0x0800015f   Thumb Code     0  startup_stm32f10x_hd.o(.text)
    TIM1_UP_IRQHandler                       0x0800015f   Thumb Code     0  startup_stm32f10x_hd.o(.text)
    TIM2_IRQHandler                          0x0800015f   Thumb Code     0  startup_stm32f10x_hd.o(.text)
    TIM3_IRQHandler                          0x0800015f   Thumb Code     0  startup_stm32f10x_hd.o(.text)
    TIM4_IRQHandler                          0x0800015f   Thumb Code     0  startup_stm32f10x_hd.o(.text)
    TIM5_IRQHandler                          0x0800015f   Thumb Code     0  startup_stm32f10x_hd.o(.text)
    TIM7_IRQHandler                          0x0800015f   Thumb Code     0  startup_stm32f10x_hd.o(.text)
    TIM8_BRK_IRQHandler                      0x0800015f   Thumb Code     0  startup_stm32f10x_hd.o(.text)
    TIM8_CC_IRQHandler                       0x0800015f   Thumb Code     0  startup_stm32f10x_hd.o(.text)
    TIM8_TRG_COM_IRQHandler                  0x0800015f   Thumb Code     0  startup_stm32f10x_hd.o(.text)
    TIM8_UP_IRQHandler                       0x0800015f   Thumb Code     0  startup_stm32f10x_hd.o(.text)
    UART4_IRQHandler                         0x0800015f   Thumb Code     0  startup_stm32f10x_hd.o(.text)
    UART5_IRQHandler                         0x0800015f   Thumb Code     0  startup_stm32f10x_hd.o(.text)
    USART2_IRQHandler                        0x0800015f   Thumb Code     0  startup_stm32f10x_hd.o(.text)
    USART3_IRQHandler                        0x0800015f   Thumb Code     0  startup_stm32f10x_hd.o(.text)
    USBWakeUp_IRQHandler                     0x0800015f   Thumb Code     0  startup_stm32f10x_hd.o(.text)
    USB_HP_CAN1_TX_IRQHandler                0x0800015f   Thumb Code     0  startup_stm32f10x_hd.o(.text)
    USB_LP_CAN1_RX0_IRQHandler               0x0800015f   Thumb Code     0  startup_stm32f10x_hd.o(.text)
    WWDG_IRQHandler                          0x0800015f   Thumb Code     0  startup_stm32f10x_hd.o(.text)
    SystemInit                               0x08000169   Thumb Code   272  system_stm32f10x.o(.text)
    SystemCoreClockUpdate                    0x08000279   Thumb Code   110  system_stm32f10x.o(.text)
    NVIC_PriorityGroupConfig                 0x080002e9   Thumb Code    20  misc.o(.text)
    NVIC_Init                                0x080002fd   Thumb Code    94  misc.o(.text)
    NVIC_SetVectorTable                      0x0800035d   Thumb Code    24  misc.o(.text)
    NVIC_SystemLPConfig                      0x08000375   Thumb Code    24  misc.o(.text)
    SysTick_CLKSourceConfig                  0x0800038d   Thumb Code    24  misc.o(.text)
    FSMC_NORSRAMDeInit                       0x080003a5   Thumb Code    50  stm32f10x_fsmc.o(.text)
    FSMC_NANDDeInit                          0x080003d9   Thumb Code    56  stm32f10x_fsmc.o(.text)
    FSMC_PCCARDDeInit                        0x08000411   Thumb Code    26  stm32f10x_fsmc.o(.text)
    FSMC_NORSRAMInit                         0x0800042d   Thumb Code   192  stm32f10x_fsmc.o(.text)
    FSMC_NANDInit                            0x080004ed   Thumb Code   122  stm32f10x_fsmc.o(.text)
    FSMC_PCCARDInit                          0x08000569   Thumb Code   110  stm32f10x_fsmc.o(.text)
    FSMC_NORSRAMStructInit                   0x080005d9   Thumb Code    80  stm32f10x_fsmc.o(.text)
    FSMC_NANDStructInit                      0x08000629   Thumb Code    42  stm32f10x_fsmc.o(.text)
    FSMC_PCCARDStructInit                    0x08000655   Thumb Code    42  stm32f10x_fsmc.o(.text)
    FSMC_NORSRAMCmd                          0x08000681   Thumb Code    36  stm32f10x_fsmc.o(.text)
    FSMC_NANDCmd                             0x080006a5   Thumb Code    68  stm32f10x_fsmc.o(.text)
    FSMC_PCCARDCmd                           0x080006e9   Thumb Code    32  stm32f10x_fsmc.o(.text)
    FSMC_NANDECCCmd                          0x08000709   Thumb Code    68  stm32f10x_fsmc.o(.text)
    FSMC_GetECC                              0x0800074d   Thumb Code    22  stm32f10x_fsmc.o(.text)
    FSMC_ITConfig                            0x08000765   Thumb Code   112  stm32f10x_fsmc.o(.text)
    FSMC_GetFlagStatus                       0x080007d5   Thumb Code    30  stm32f10x_fsmc.o(.text)
    FSMC_ClearFlag                           0x080007f5   Thumb Code    28  stm32f10x_fsmc.o(.text)
    FSMC_GetITStatus                         0x08000811   Thumb Code    44  stm32f10x_fsmc.o(.text)
    FSMC_ClearITPendingBit                   0x0800083d   Thumb Code    30  stm32f10x_fsmc.o(.text)
    GPIO_DeInit                              0x0800085d   Thumb Code    52  stm32f10x_gpio.o(.text)
    GPIO_AFIODeInit                          0x08000891   Thumb Code    22  stm32f10x_gpio.o(.text)
    GPIO_Init                                0x080008a9   Thumb Code   192  stm32f10x_gpio.o(.text)
    GPIO_StructInit                          0x08000969   Thumb Code    12  stm32f10x_gpio.o(.text)
    GPIO_ReadInputDataBit                    0x08000975   Thumb Code    10  stm32f10x_gpio.o(.text)
    GPIO_ReadInputData                       0x08000981   Thumb Code     6  stm32f10x_gpio.o(.text)
    GPIO_ReadOutputDataBit                   0x08000989   Thumb Code    10  stm32f10x_gpio.o(.text)
    GPIO_ReadOutputData                      0x08000995   Thumb Code     6  stm32f10x_gpio.o(.text)
    GPIO_SetBits                             0x0800099d   Thumb Code     4  stm32f10x_gpio.o(.text)
    GPIO_ResetBits                           0x080009a1   Thumb Code     4  stm32f10x_gpio.o(.text)
    GPIO_WriteBit                            0x080009a5   Thumb Code    12  stm32f10x_gpio.o(.text)
    GPIO_Write                               0x080009b1   Thumb Code     4  stm32f10x_gpio.o(.text)
    GPIO_PinLockConfig                       0x080009b5   Thumb Code    16  stm32f10x_gpio.o(.text)
    GPIO_EventOutputConfig                   0x080009c5   Thumb Code    30  stm32f10x_gpio.o(.text)
    GPIO_EventOutputCmd                      0x080009e5   Thumb Code    10  stm32f10x_gpio.o(.text)
    GPIO_PinRemapConfig                      0x080009f1   Thumb Code   122  stm32f10x_gpio.o(.text)
    GPIO_EXTILineConfig                      0x08000a6d   Thumb Code    46  stm32f10x_gpio.o(.text)
    GPIO_ETH_MediaInterfaceConfig            0x08000a9d   Thumb Code    10  stm32f10x_gpio.o(.text)
    RCC_DeInit                               0x08000aa9   Thumb Code    66  stm32f10x_rcc.o(.text)
    RCC_HSEConfig                            0x08000aed   Thumb Code    50  stm32f10x_rcc.o(.text)
    RCC_WaitForHSEStartUp                    0x08000b21   Thumb Code    48  stm32f10x_rcc.o(.text)
    RCC_GetFlagStatus                        0x08000b51   Thumb Code    38  stm32f10x_rcc.o(.text)
    RCC_AdjustHSICalibrationValue            0x08000b79   Thumb Code    22  stm32f10x_rcc.o(.text)
    RCC_HSICmd                               0x08000b91   Thumb Code    10  stm32f10x_rcc.o(.text)
    RCC_PLLConfig                            0x08000b9d   Thumb Code    22  stm32f10x_rcc.o(.text)
    RCC_PLLCmd                               0x08000bb5   Thumb Code    10  stm32f10x_rcc.o(.text)
    RCC_SYSCLKConfig                         0x08000bc1   Thumb Code    20  stm32f10x_rcc.o(.text)
    RCC_GetSYSCLKSource                      0x08000bd5   Thumb Code    16  stm32f10x_rcc.o(.text)
    RCC_HCLKConfig                           0x08000be5   Thumb Code    20  stm32f10x_rcc.o(.text)
    RCC_PCLK1Config                          0x08000bf9   Thumb Code    20  stm32f10x_rcc.o(.text)
    RCC_PCLK2Config                          0x08000c0d   Thumb Code    22  stm32f10x_rcc.o(.text)
    RCC_ITConfig                             0x08000c25   Thumb Code    24  stm32f10x_rcc.o(.text)
    RCC_USBCLKConfig                         0x08000c3d   Thumb Code    10  stm32f10x_rcc.o(.text)
    RCC_ADCCLKConfig                         0x08000c49   Thumb Code    20  stm32f10x_rcc.o(.text)
    RCC_LSEConfig                            0x08000c5d   Thumb Code    30  stm32f10x_rcc.o(.text)
    RCC_LSICmd                               0x08000c7d   Thumb Code    12  stm32f10x_rcc.o(.text)
    RCC_RTCCLKConfig                         0x08000c89   Thumb Code    16  stm32f10x_rcc.o(.text)
    RCC_RTCCLKCmd                            0x08000c99   Thumb Code    12  stm32f10x_rcc.o(.text)
    RCC_GetClocksFreq                        0x08000ca5   Thumb Code   160  stm32f10x_rcc.o(.text)
    RCC_AHBPeriphClockCmd                    0x08000d45   Thumb Code    24  stm32f10x_rcc.o(.text)
    RCC_APB2PeriphClockCmd                   0x08000d5d   Thumb Code    24  stm32f10x_rcc.o(.text)
    RCC_APB1PeriphClockCmd                   0x08000d75   Thumb Code    24  stm32f10x_rcc.o(.text)
    RCC_APB2PeriphResetCmd                   0x08000d8d   Thumb Code    24  stm32f10x_rcc.o(.text)
    RCC_APB1PeriphResetCmd                   0x08000da5   Thumb Code    24  stm32f10x_rcc.o(.text)
    RCC_BackupResetCmd                       0x08000dbd   Thumb Code    12  stm32f10x_rcc.o(.text)
    RCC_ClockSecuritySystemCmd               0x08000dc9   Thumb Code    10  stm32f10x_rcc.o(.text)
    RCC_MCOConfig                            0x08000dd5   Thumb Code    12  stm32f10x_rcc.o(.text)
    RCC_ClearFlag                            0x08000de1   Thumb Code    18  stm32f10x_rcc.o(.text)
    RCC_GetITStatus                          0x08000df5   Thumb Code    18  stm32f10x_rcc.o(.text)
    RCC_ClearITPendingBit                    0x08000e09   Thumb Code    12  stm32f10x_rcc.o(.text)
    TIM_DeInit                               0x08000e15   Thumb Code   560  stm32f10x_tim.o(.text)
    TIM_TimeBaseInit                         0x08001045   Thumb Code   170  stm32f10x_tim.o(.text)
    TIM_OC1Init                              0x080010f1   Thumb Code   112  stm32f10x_tim.o(.text)
    TIM_OC2Init                              0x08001161   Thumb Code   116  stm32f10x_tim.o(.text)
    TIM_OC3Init                              0x080011d5   Thumb Code   116  stm32f10x_tim.o(.text)
    TIM_OC4Init                              0x08001249   Thumb Code    92  stm32f10x_tim.o(.text)
    TIM_ICInit                               0x080012a5   Thumb Code   672  stm32f10x_tim.o(.text)
    TIM_SetIC1Prescaler                      0x08001545   Thumb Code    16  stm32f10x_tim.o(.text)
    TIM_SetIC2Prescaler                      0x08001555   Thumb Code    18  stm32f10x_tim.o(.text)
    TIM_SetIC3Prescaler                      0x08001569   Thumb Code    16  stm32f10x_tim.o(.text)
    TIM_SetIC4Prescaler                      0x08001579   Thumb Code    18  stm32f10x_tim.o(.text)
    TIM_PWMIConfig                           0x0800158d   Thumb Code   596  stm32f10x_tim.o(.text)
    TIM_BDTRConfig                           0x080017e1   Thumb Code    40  stm32f10x_tim.o(.text)
    TIM_TimeBaseStructInit                   0x08001809   Thumb Code    20  stm32f10x_tim.o(.text)
    TIM_OCStructInit                         0x0800181d   Thumb Code    12  stm32f10x_tim.o(.text)
    TIM_ICStructInit                         0x08001829   Thumb Code    12  stm32f10x_tim.o(.text)
    TIM_BDTRStructInit                       0x08001835   Thumb Code    12  stm32f10x_tim.o(.text)
    TIM_Cmd                                  0x08001841   Thumb Code    18  stm32f10x_tim.o(.text)
    TIM_CtrlPWMOutputs                       0x08001855   Thumb Code    24  stm32f10x_tim.o(.text)
    TIM_ITConfig                             0x0800186d   Thumb Code    16  stm32f10x_tim.o(.text)
    TIM_GenerateEvent                        0x0800187d   Thumb Code     4  stm32f10x_tim.o(.text)
    TIM_DMAConfig                            0x08001881   Thumb Code     8  stm32f10x_tim.o(.text)
    TIM_DMACmd                               0x08001889   Thumb Code    16  stm32f10x_tim.o(.text)
    TIM_InternalClockConfig                  0x08001899   Thumb Code    10  stm32f10x_tim.o(.text)
    TIM_ITRxExternalClockConfig              0x080018a5   Thumb Code    20  stm32f10x_tim.o(.text)
    TIM_SelectInputTrigger                   0x080018b9   Thumb Code    12  stm32f10x_tim.o(.text)
    TIM_TIxExternalClockConfig               0x080018c5   Thumb Code   280  stm32f10x_tim.o(.text)
    TIM_ETRClockMode1Config                  0x080019dd   Thumb Code    30  stm32f10x_tim.o(.text)
    TIM_ETRConfig                            0x080019fd   Thumb Code    22  stm32f10x_tim.o(.text)
    TIM_ETRClockMode2Config                  0x08001a15   Thumb Code    30  stm32f10x_tim.o(.text)
    TIM_PrescalerConfig                      0x08001a35   Thumb Code     6  stm32f10x_tim.o(.text)
    TIM_CounterModeConfig                    0x08001a3d   Thumb Code    12  stm32f10x_tim.o(.text)
    TIM_EncoderInterfaceConfig               0x08001a49   Thumb Code    48  stm32f10x_tim.o(.text)
    TIM_ForcedOC1Config                      0x08001a79   Thumb Code    12  stm32f10x_tim.o(.text)
    TIM_ForcedOC2Config                      0x08001a85   Thumb Code    14  stm32f10x_tim.o(.text)
    TIM_ForcedOC3Config                      0x08001a95   Thumb Code    12  stm32f10x_tim.o(.text)
    TIM_ForcedOC4Config                      0x08001aa1   Thumb Code    14  stm32f10x_tim.o(.text)
    TIM_ARRPreloadConfig                     0x08001ab1   Thumb Code    20  stm32f10x_tim.o(.text)
    TIM_SelectCOM                            0x08001ac5   Thumb Code    20  stm32f10x_tim.o(.text)
    TIM_SelectCCDMA                          0x08001ad9   Thumb Code    20  stm32f10x_tim.o(.text)
    TIM_CCPreloadControl                     0x08001aed   Thumb Code    18  stm32f10x_tim.o(.text)
    TIM_OC1PreloadConfig                     0x08001b01   Thumb Code    12  stm32f10x_tim.o(.text)
    TIM_OC2PreloadConfig                     0x08001b0d   Thumb Code    14  stm32f10x_tim.o(.text)
    TIM_OC3PreloadConfig                     0x08001b1d   Thumb Code    12  stm32f10x_tim.o(.text)
    TIM_OC4PreloadConfig                     0x08001b29   Thumb Code    14  stm32f10x_tim.o(.text)
    TIM_OC1FastConfig                        0x08001b39   Thumb Code    12  stm32f10x_tim.o(.text)
    TIM_OC2FastConfig                        0x08001b45   Thumb Code    14  stm32f10x_tim.o(.text)
    TIM_OC3FastConfig                        0x08001b55   Thumb Code    12  stm32f10x_tim.o(.text)
    TIM_OC4FastConfig                        0x08001b61   Thumb Code    14  stm32f10x_tim.o(.text)
    TIM_ClearOC1Ref                          0x08001b71   Thumb Code    12  stm32f10x_tim.o(.text)
    TIM_ClearOC2Ref                          0x08001b7d   Thumb Code    14  stm32f10x_tim.o(.text)
    TIM_ClearOC3Ref                          0x08001b8d   Thumb Code    12  stm32f10x_tim.o(.text)
    TIM_ClearOC4Ref                          0x08001b99   Thumb Code    14  stm32f10x_tim.o(.text)
    TIM_OC1PolarityConfig                    0x08001ba9   Thumb Code    12  stm32f10x_tim.o(.text)
    TIM_OC1NPolarityConfig                   0x08001bb5   Thumb Code    12  stm32f10x_tim.o(.text)
    TIM_OC2PolarityConfig                    0x08001bc1   Thumb Code    14  stm32f10x_tim.o(.text)
    TIM_OC2NPolarityConfig                   0x08001bd1   Thumb Code    14  stm32f10x_tim.o(.text)
    TIM_OC3PolarityConfig                    0x08001be1   Thumb Code    14  stm32f10x_tim.o(.text)
    TIM_OC3NPolarityConfig                   0x08001bf1   Thumb Code    14  stm32f10x_tim.o(.text)
    TIM_OC4PolarityConfig                    0x08001c01   Thumb Code    14  stm32f10x_tim.o(.text)
    TIM_CCxCmd                               0x08001c11   Thumb Code    32  stm32f10x_tim.o(.text)
    TIM_CCxNCmd                              0x08001c31   Thumb Code    32  stm32f10x_tim.o(.text)
    TIM_SelectOCxM                           0x08001c51   Thumb Code    82  stm32f10x_tim.o(.text)
    TIM_UpdateDisableConfig                  0x08001ca5   Thumb Code    20  stm32f10x_tim.o(.text)
    TIM_UpdateRequestConfig                  0x08001cb9   Thumb Code    20  stm32f10x_tim.o(.text)
    TIM_SelectHallSensor                     0x08001ccd   Thumb Code    20  stm32f10x_tim.o(.text)
    TIM_SelectOnePulseMode                   0x08001ce1   Thumb Code    16  stm32f10x_tim.o(.text)
    TIM_SelectOutputTrigger                  0x08001cf1   Thumb Code    16  stm32f10x_tim.o(.text)
    TIM_SelectSlaveMode                      0x08001d01   Thumb Code    16  stm32f10x_tim.o(.text)
    TIM_SelectMasterSlaveMode                0x08001d11   Thumb Code    16  stm32f10x_tim.o(.text)
    TIM_SetCounter                           0x08001d21   Thumb Code     4  stm32f10x_tim.o(.text)
    TIM_SetAutoreload                        0x08001d25   Thumb Code     4  stm32f10x_tim.o(.text)
    TIM_SetCompare1                          0x08001d29   Thumb Code     4  stm32f10x_tim.o(.text)
    TIM_SetCompare2                          0x08001d2d   Thumb Code     4  stm32f10x_tim.o(.text)
    TIM_SetCompare3                          0x08001d31   Thumb Code     4  stm32f10x_tim.o(.text)
    TIM_SetCompare4                          0x08001d35   Thumb Code     6  stm32f10x_tim.o(.text)
    TIM_SetClockDivision                     0x08001d3d   Thumb Code    16  stm32f10x_tim.o(.text)
    TIM_GetCapture1                          0x08001d4d   Thumb Code     4  stm32f10x_tim.o(.text)
    TIM_GetCapture2                          0x08001d51   Thumb Code     4  stm32f10x_tim.o(.text)
    TIM_GetCapture3                          0x08001d55   Thumb Code     4  stm32f10x_tim.o(.text)
    TIM_GetCapture4                          0x08001d59   Thumb Code     6  stm32f10x_tim.o(.text)
    TIM_GetCounter                           0x08001d61   Thumb Code     4  stm32f10x_tim.o(.text)
    TIM_GetPrescaler                         0x08001d65   Thumb Code     4  stm32f10x_tim.o(.text)
    TIM_GetFlagStatus                        0x08001d69   Thumb Code    10  stm32f10x_tim.o(.text)
    TIM_ClearFlag                            0x08001d75   Thumb Code     6  stm32f10x_tim.o(.text)
    TIM_GetITStatus                          0x08001d7d   Thumb Code    24  stm32f10x_tim.o(.text)
    TIM_ClearITPendingBit                    0x08001d95   Thumb Code     6  stm32f10x_tim.o(.text)
    USART_DeInit                             0x08001d9d   Thumb Code   174  stm32f10x_usart.o(.text)
    USART_Init                               0x08001e4d   Thumb Code   182  stm32f10x_usart.o(.text)
    USART_StructInit                         0x08001f05   Thumb Code    18  stm32f10x_usart.o(.text)
    USART_ClockInit                          0x08001f19   Thumb Code    34  stm32f10x_usart.o(.text)
    USART_ClockStructInit                    0x08001f3d   Thumb Code     8  stm32f10x_usart.o(.text)
    USART_Cmd                                0x08001f45   Thumb Code    20  stm32f10x_usart.o(.text)
    USART_ITConfig                           0x08001f59   Thumb Code    46  stm32f10x_usart.o(.text)
    USART_DMACmd                             0x08001f89   Thumb Code    16  stm32f10x_usart.o(.text)
    USART_SetAddress                         0x08001f99   Thumb Code    16  stm32f10x_usart.o(.text)
    USART_WakeUpConfig                       0x08001fa9   Thumb Code    16  stm32f10x_usart.o(.text)
    USART_ReceiverWakeUpCmd                  0x08001fb9   Thumb Code    20  stm32f10x_usart.o(.text)
    USART_LINBreakDetectLengthConfig         0x08001fcd   Thumb Code    16  stm32f10x_usart.o(.text)
    USART_LINCmd                             0x08001fdd   Thumb Code    20  stm32f10x_usart.o(.text)
    USART_SendData                           0x08001ff1   Thumb Code     8  stm32f10x_usart.o(.text)
    USART_ReceiveData                        0x08001ff9   Thumb Code     8  stm32f10x_usart.o(.text)
    USART_SendBreak                          0x08002001   Thumb Code    10  stm32f10x_usart.o(.text)
    USART_SetGuardTime                       0x0800200d   Thumb Code    16  stm32f10x_usart.o(.text)
    USART_SetPrescaler                       0x0800201d   Thumb Code    16  stm32f10x_usart.o(.text)
    USART_SmartCardCmd                       0x0800202d   Thumb Code    20  stm32f10x_usart.o(.text)
    USART_SmartCardNACKCmd                   0x08002041   Thumb Code    20  stm32f10x_usart.o(.text)
    USART_HalfDuplexCmd                      0x08002055   Thumb Code    20  stm32f10x_usart.o(.text)
    USART_OverSampling8Cmd                   0x08002069   Thumb Code    20  stm32f10x_usart.o(.text)
    USART_OneBitMethodCmd                    0x0800207d   Thumb Code    20  stm32f10x_usart.o(.text)
    USART_IrDAConfig                         0x08002091   Thumb Code    16  stm32f10x_usart.o(.text)
    USART_IrDACmd                            0x080020a1   Thumb Code    20  stm32f10x_usart.o(.text)
    USART_GetFlagStatus                      0x080020b5   Thumb Code    10  stm32f10x_usart.o(.text)
    USART_ClearFlag                          0x080020c1   Thumb Code     6  stm32f10x_usart.o(.text)
    USART_GetITStatus                        0x080020c9   Thumb Code    48  stm32f10x_usart.o(.text)
    USART_ClearITPendingBit                  0x080020f9   Thumb Code    14  stm32f10x_usart.o(.text)
    main                                     0x08002109   Thumb Code   306  main.o(.text)
    NMI_Handler                              0x0800223d   Thumb Code     2  stm32f10x_it.o(.text)
    HardFault_Handler                        0x08002241   Thumb Code     2  stm32f10x_it.o(.text)
    MemManage_Handler                        0x08002245   Thumb Code     2  stm32f10x_it.o(.text)
    BusFault_Handler                         0x08002249   Thumb Code     2  stm32f10x_it.o(.text)
    UsageFault_Handler                       0x0800224d   Thumb Code     2  stm32f10x_it.o(.text)
    SVC_Handler                              0x08002251   Thumb Code     2  stm32f10x_it.o(.text)
    DebugMon_Handler                         0x08002255   Thumb Code     2  stm32f10x_it.o(.text)
    PendSV_Handler                           0x08002259   Thumb Code     2  stm32f10x_it.o(.text)
    SysTick_Handler                          0x0800225d   Thumb Code     2  stm32f10x_it.o(.text)
    USART1_IRQHandler                        0x08002261   Thumb Code    56  stm32f10x_it.o(.text)
    TIM6_IRQHandler                          0x08002299   Thumb Code    36  stm32f10x_it.o(.text)
    USART_Config                             0x080022bd   Thumb Code   152  bsp_usart.o(.text)
    Usart_SendByte                           0x08002355   Thumb Code    22  bsp_usart.o(.text)
    Usart_SendArray                          0x0800236d   Thumb Code    64  bsp_usart.o(.text)
    Usart_SendString                         0x080023ad   Thumb Code    50  bsp_usart.o(.text)
    Usart_SendHalfWord                       0x080023e1   Thumb Code    46  bsp_usart.o(.text)
    fputc                                    0x08002411   Thumb Code    36  bsp_usart.o(.text)
    fgetc                                    0x08002435   Thumb Code    32  bsp_usart.o(.text)
    led_config                               0x08002455   Thumb Code    94  bsp_led.o(.text)
    led_reset                                0x080024b5   Thumb Code    38  bsp_led.o(.text)
    TIM_basic_config                         0x080024dd   Thumb Code    78  bsp_pwm_led.o(.text)
    TIM_COM_config                           0x0800252d   Thumb Code   124  bsp_pwm_led.o(.text)
    TIM_COM2_config                          0x080025a9   Thumb Code   122  bsp_pwm_led.o(.text)
    breathLED_B_config                       0x08002625   Thumb Code   122  bsp_pwm_led.o(.text)
    pwm_set_compare                          0x080026a1   Thumb Code    14  bsp_pwm_led.o(.text)
    SetRedbox                                0x080026b1   Thumb Code    10  bsp_pwm_led.o(.text)
    SetGreenbox                              0x080026bd   Thumb Code    14  bsp_pwm_led.o(.text)
    openbox                                  0x080026cd   Thumb Code    80  bsp_pwm_led.o(.text)
    closebox                                 0x0800271d   Thumb Code    82  bsp_pwm_led.o(.text)
    ILI9341_Init                             0x08002771   Thumb Code  1496  bsp_ili9341_lcd.o(.text)
    ILI9341_BackLed_Control                  0x08002d49   Thumb Code    24  bsp_ili9341_lcd.o(.text)
    ILI9341_Rst                              0x08002d61   Thumb Code    72  bsp_ili9341_lcd.o(.text)
    ILI9341_GramScan                         0x08002da9   Thumb Code   192  bsp_ili9341_lcd.o(.text)
    ILI9341_ReadID                           0x08002e69   Thumb Code    80  bsp_ili9341_lcd.o(.text)
    ILI9341_OpenWindow                       0x08002eb9   Thumb Code    72  bsp_ili9341_lcd.o(.text)
    ILI9341_Clear                            0x08002f01   Thumb Code   118  bsp_ili9341_lcd.o(.text)
    ILI9341_SetPointPixel                    0x08002f79   Thumb Code    96  bsp_ili9341_lcd.o(.text)
    ILI9341_GetPointPixel                    0x08002fd9   Thumb Code    76  bsp_ili9341_lcd.o(.text)
    ILI9341_DrawLine                         0x08003025   Thumb Code   264  bsp_ili9341_lcd.o(.text)
    ILI9341_DrawRectangle                    0x0800312d   Thumb Code   168  bsp_ili9341_lcd.o(.text)
    ILI9341_DrawCircle                       0x080031d5   Thumb Code  1898  bsp_ili9341_lcd.o(.text)
    ILI9341_DispChar_EN                      0x08003941   Thumb Code   162  bsp_ili9341_lcd.o(.text)
    ILI9341_DispStringLine_EN                0x080039e5   Thumb Code   280  bsp_ili9341_lcd.o(.text)
    ILI9341_DispString_EN                    0x08003afd   Thumb Code   290  bsp_ili9341_lcd.o(.text)
    ILI9341_DispString_EN_YDir               0x08003c21   Thumb Code   290  bsp_ili9341_lcd.o(.text)
    LCD_SetFont                              0x08003d45   Thumb Code    12  bsp_ili9341_lcd.o(.text)
    LCD_GetFont                              0x08003d51   Thumb Code    12  bsp_ili9341_lcd.o(.text)
    LCD_SetColors                            0x08003d5d   Thumb Code    22  bsp_ili9341_lcd.o(.text)
    LCD_GetColors                            0x08003d75   Thumb Code    26  bsp_ili9341_lcd.o(.text)
    LCD_SetTextColor                         0x08003d91   Thumb Code    12  bsp_ili9341_lcd.o(.text)
    LCD_SetBackColor                         0x08003d9d   Thumb Code    12  bsp_ili9341_lcd.o(.text)
    LCD_ClearLine                            0x08003da9   Thumb Code   120  bsp_ili9341_lcd.o(.text)
    delay                                    0x08003e21   Thumb Code     2  delay.o(.text)
    delay_us                                 0x08003e25   Thumb Code    50  delay.o(.text)
    delay_ms                                 0x08003e59   Thumb Code    74  delay.o(.text)
    start_LCD                                0x08003ea5   Thumb Code   204  my_lcd.o(.text)
    recongization_LCD                        0x08003fb9   Thumb Code    88  my_lcd.o(.text)
    result_LCD                               0x0800404d   Thumb Code   224  my_lcd.o(.text)
    __aeabi_memset                           0x08004155   Thumb Code    14  memseta.o(.text)
    __aeabi_memset4                          0x08004155   Thumb Code     0  memseta.o(.text)
    __aeabi_memset8                          0x08004155   Thumb Code     0  memseta.o(.text)
    __aeabi_memclr                           0x08004163   Thumb Code     4  memseta.o(.text)
    __aeabi_memclr4                          0x08004163   Thumb Code     0  memseta.o(.text)
    __aeabi_memclr8                          0x08004163   Thumb Code     0  memseta.o(.text)
    _memset$wrapper                          0x08004167   Thumb Code    18  memseta.o(.text)
    __scatterload                            0x08004179   Thumb Code    28  init.o(.text)
    __scatterload_rt2                        0x08004179   Thumb Code     0  init.o(.text)
    __scatterload_copy                       0x0800419d   Thumb Code    14  handlers.o(i.__scatterload_copy)
    __scatterload_null                       0x080041ab   Thumb Code     2  handlers.o(i.__scatterload_null)
    __scatterload_zeroinit                   0x080041ad   Thumb Code    14  handlers.o(i.__scatterload_zeroinit)
    AHBPrescTable                            0x080041dc   Data          16  system_stm32f10x.o(.rodata.AHBPrescTable)
    ASCII24x32_Table                         0x080041fc   Data        9120  fonts.o(.rodata.ASCII24x32_Table)
    ASCII8x16_Table                          0x0800659c   Data        1520  fonts.o(.rodata.ASCII8x16_Table)
    Region$$Table$$Base                      0x08006b8c   Number         0  anon$$obj.o(Region$$Table)
    Region$$Table$$Limit                     0x08006bac   Number         0  anon$$obj.o(Region$$Table)
    Font24x32                                0x20000004   Data           8  fonts.o(.data.Font24x32)
    Font8x16                                 0x2000000c   Data           8  fonts.o(.data.Font8x16)
    LCD_SCAN_MODE                            0x20000018   Data           1  bsp_ili9341_lcd.o(.data.LCD_SCAN_MODE)
    LCD_X_LENGTH                             0x2000001a   Data           2  bsp_ili9341_lcd.o(.data.LCD_X_LENGTH)
    LCD_Y_LENGTH                             0x2000001c   Data           2  bsp_ili9341_lcd.o(.data.LCD_Y_LENGTH)
    SystemCoreClock                          0x20000020   Data           4  system_stm32f10x.o(.data.SystemCoreClock)
    lcdid                                    0x2000002a   Data           2  bsp_ili9341_lcd.o(.bss.lcdid)
    respon                                   0x2000002c   Data           1  stm32f10x_it.o(.bss.respon)
    __initial_sp                             0x20000430   Data           0  startup_stm32f10x_hd.o(STACK)



==============================================================================

Memory Map of the image

  Image Entry point : 0x08000131

  Load Region LR_IROM1 (Base: 0x08000000, Size: 0x00006bd8, Max: 0x00080000, ABSOLUTE)

    Execution Region ER_IROM1 (Exec base: 0x08000000, Load base: 0x08000000, Size: 0x00006bac, Max: 0x00080000, ABSOLUTE)

    Exec Addr    Load Addr    Size         Type   Attr      Idx    E Section Name        Object

    0x08000000   0x08000000   0x00000130   Data   RO            3    RESET               startup_stm32f10x_hd.o
    0x08000130   0x08000130   0x00000000   Code   RO          291  * .ARM.Collect$$$$00000000  mc_w.l(entry.o)
    0x08000130   0x08000130   0x00000004   Code   RO          296    .ARM.Collect$$$$00000001  mc_w.l(entry2.o)
    0x08000134   0x08000134   0x00000004   Code   RO          299    .ARM.Collect$$$$00000004  mc_w.l(entry5.o)
    0x08000138   0x08000138   0x00000000   Code   RO          301    .ARM.Collect$$$$00000008  mc_w.l(entry7b.o)
    0x08000138   0x08000138   0x00000000   Code   RO          303    .ARM.Collect$$$$0000000A  mc_w.l(entry8b.o)
    0x08000138   0x08000138   0x00000008   Code   RO          304    .ARM.Collect$$$$0000000B  mc_w.l(entry9a.o)
    0x08000140   0x08000140   0x00000000   Code   RO          306    .ARM.Collect$$$$0000000D  mc_w.l(entry10a.o)
    0x08000140   0x08000140   0x00000000   Code   RO          308    .ARM.Collect$$$$0000000F  mc_w.l(entry11a.o)
    0x08000140   0x08000140   0x00000004   Code   RO          297    .ARM.Collect$$$$00002712  mc_w.l(entry2.o)
    0x08000144   0x08000144   0x00000024   Code   RO            4    .text               startup_stm32f10x_hd.o
    0x08000168   0x08000168   0x0000017e   Code   RO           10    .text               system_stm32f10x.o
    0x080002e6   0x080002e6   0x00000002   PAD
    0x080002e8   0x080002e8   0x000000bc   Code   RO           20    .text               misc.o
    0x080003a4   0x080003a4   0x000004b6   Code   RO          109    .text               stm32f10x_fsmc.o
    0x0800085a   0x0800085a   0x00000002   PAD
    0x0800085c   0x0800085c   0x0000024a   Code   RO          117    .text               stm32f10x_gpio.o
    0x08000aa6   0x08000aa6   0x00000002   PAD
    0x08000aa8   0x08000aa8   0x0000036c   Code   RO          150    .text               stm32f10x_rcc.o
    0x08000e14   0x08000e14   0x00000f86   Code   RO          184    .text               stm32f10x_tim.o
    0x08001d9a   0x08001d9a   0x00000002   PAD
    0x08001d9c   0x08001d9c   0x0000036a   Code   RO          193    .text               stm32f10x_usart.o
    0x08002106   0x08002106   0x00000002   PAD
    0x08002108   0x08002108   0x00000132   Code   RO          209    .text               main.o
    0x0800223a   0x0800223a   0x00000002   PAD
    0x0800223c   0x0800223c   0x00000080   Code   RO          218    .text               stm32f10x_it.o
    0x080022bc   0x080022bc   0x00000198   Code   RO          226    .text               bsp_usart.o
    0x08002454   0x08002454   0x00000086   Code   RO          234    .text               bsp_led.o
    0x080024da   0x080024da   0x00000002   PAD
    0x080024dc   0x080024dc   0x00000292   Code   RO          241    .text               bsp_pwm_led.o
    0x0800276e   0x0800276e   0x00000002   PAD
    0x08002770   0x08002770   0x000016b0   Code   RO          249    .text               bsp_ili9341_lcd.o
    0x08003e20   0x08003e20   0x00000082   Code   RO          276    .text               delay.o
    0x08003ea2   0x08003ea2   0x00000002   PAD
    0x08003ea4   0x08003ea4   0x000002b0   Code   RO          283    .text               my_lcd.o
    0x08004154   0x08004154   0x00000024   Code   RO          294    .text               mc_w.l(memseta.o)
    0x08004178   0x08004178   0x00000024   Code   RO          310    .text               mc_w.l(init.o)
    0x0800419c   0x0800419c   0x0000000e   Code   RO          314    i.__scatterload_copy  mc_w.l(handlers.o)
    0x080041aa   0x080041aa   0x00000002   Code   RO          315    i.__scatterload_null  mc_w.l(handlers.o)
    0x080041ac   0x080041ac   0x0000000e   Code   RO          316    i.__scatterload_zeroinit  mc_w.l(handlers.o)
    0x080041ba   0x080041ba   0x00000002   PAD
    0x080041bc   0x080041bc   0x0000001c   Data   RO          119    .rodata..Lswitch.table.GPIO_DeInit.1  stm32f10x_gpio.o
    0x080041d8   0x080041d8   0x00000004   Data   RO          153    .rodata.ADCPrescTable  stm32f10x_rcc.o
    0x080041dc   0x080041dc   0x00000010   Data   RO           13    .rodata.AHBPrescTable  system_stm32f10x.o
    0x080041ec   0x080041ec   0x00000010   Data   RO          152    .rodata.APBAHBPrescTable  stm32f10x_rcc.o
    0x080041fc   0x080041fc   0x000023a0   Data   RO          268    .rodata.ASCII24x32_Table  fonts.o
    0x0800659c   0x0800659c   0x000005f0   Data   RO          266    .rodata.ASCII8x16_Table  fonts.o
    0x08006b8c   0x08006b8c   0x00000020   Data   RO          313    Region$$Table       anon$$obj.o


    Execution Region RW_IRAM1 (Exec base: 0x20000000, Load base: 0x08006bb0, Size: 0x00000430, Max: 0x00010000, ABSOLUTE)

    Exec Addr    Load Addr    Size         Type   Attr      Idx    E Section Name        Object

    0x20000000   0x08006bb0   0x00000002   Data   RW          255    .data.CurrentBackColor  bsp_ili9341_lcd.o
    0x20000002   0x08006bb2   0x00000002   PAD
    0x20000004   0x08006bb4   0x00000008   Data   RW          271    .data.Font24x32     fonts.o
    0x2000000c   0x08006bbc   0x00000008   Data   RW          269    .data.Font8x16      fonts.o
    0x20000014   0x08006bc4   0x00000004   Data   RW          257    .data.LCD_Currentfonts  bsp_ili9341_lcd.o
    0x20000018   0x08006bc8   0x00000001   Data   RW          253    .data.LCD_SCAN_MODE  bsp_ili9341_lcd.o
    0x20000019   0x08006bc9   0x00000001   PAD
    0x2000001a   0x08006bca   0x00000002   Data   RW          251    .data.LCD_X_LENGTH  bsp_ili9341_lcd.o
    0x2000001c   0x08006bcc   0x00000002   Data   RW          252    .data.LCD_Y_LENGTH  bsp_ili9341_lcd.o
    0x2000001e   0x08006bce   0x00000002   PAD
    0x20000020   0x08006bd0   0x00000004   Data   RW           12    .data.SystemCoreClock  system_stm32f10x.o
    0x20000024   0x08006bd4   0x00000004   PAD
    0x20000028        -       0x00000002   Zero   RW          256    .bss.CurrentTextColor  bsp_ili9341_lcd.o
    0x2000002a        -       0x00000002   Zero   RW          254    .bss.lcdid          bsp_ili9341_lcd.o
    0x2000002c        -       0x00000001   Zero   RW          220    .bss.respon         stm32f10x_it.o
    0x2000002d   0x08006bd4   0x00000003   PAD
    0x20000030        -       0x00000400   Zero   RW            1    STACK               startup_stm32f10x_hd.o


==============================================================================

Image component sizes


      Code (inc. data)   RO Data    RW Data    ZI Data      Debug   Object Name

      5808          0          0         11          4      36444   bsp_ili9341_lcd.o
       134          0          0          0          0       1619   bsp_led.o
       658          0          0          0          0       6504   bsp_pwm_led.o
       408          0          0          0          0       5486   bsp_usart.o
       130          0          0          0          0       1055   delay.o
         0          0      10640         16          0        892   fonts.o
       306         10          0          0          0       1376   main.o
       188          0          0          0          0       3061   misc.o
       688        172          0          0          0       1660   my_lcd.o
        36          8        304          0       1024        860   startup_stm32f10x_hd.o
      1206          0          0          0          0       7387   stm32f10x_fsmc.o
       586          0         28          0          0       5423   stm32f10x_gpio.o
       128          0          0          0          1       2725   stm32f10x_it.o
       876          0         20          0          0       7309   stm32f10x_rcc.o
      3974          0          0          0          0      25593   stm32f10x_tim.o
       874          0          0          0          0       7656   stm32f10x_usart.o
       382          0         16          4          0       2550   system_stm32f10x.o

    ----------------------------------------------------------------------
     16400        190      11040         36       1036     117600   Object Totals
         0          0         32          0          0          0   (incl. Generated)
        18          0          0          5          7          0   (incl. Padding)

    ----------------------------------------------------------------------

      Code (inc. data)   RO Data    RW Data    ZI Data      Debug   Library Member Name

         0          0          0          0          0          0   entry.o
         0          0          0          0          0          0   entry10a.o
         0          0          0          0          0          0   entry11a.o
         8          4          0          0          0          0   entry2.o
         4          0          0          0          0          0   entry5.o
         0          0          0          0          0          0   entry7b.o
         0          0          0          0          0          0   entry8b.o
         8          4          0          0          0          0   entry9a.o
        30          0          0          0          0          0   handlers.o
        36          8          0          0          0         68   init.o
        36          0          0          0          0        108   memseta.o

    ----------------------------------------------------------------------
       124         16          0          0          0        176   Library Totals
         2          0          0          0          0          0   (incl. Padding)

    ----------------------------------------------------------------------

      Code (inc. data)   RO Data    RW Data    ZI Data      Debug   Library Name

       122         16          0          0          0        176   mc_w.l

    ----------------------------------------------------------------------
       124         16          0          0          0        176   Library Totals

    ----------------------------------------------------------------------

==============================================================================


      Code (inc. data)   RO Data    RW Data    ZI Data      Debug   

     16524        206      11040         36       1036     117648   Grand Totals
     16524        206      11040         36       1036     117648   ELF Image Totals
     16524        206      11040         36          0          0   ROM Totals

==============================================================================

    Total RO  Size (Code + RO Data)                27564 (  26.92kB)
    Total RW  Size (RW Data + ZI Data)              1072 (   1.05kB)
    Total ROM Size (Code + RO Data + RW Data)      27600 (  26.95kB)

==============================================================================

